<?php return array (
  0 => 'Symfony\\Bundle\\FrameworkBundle\\Controller\\AbstractController',
  1 => 'App\\Controller\\Article\\CreateArticleController',
  2 => 'App\\Controller\\Article\\DeleteArticleController',
  3 => 'App\\Controller\\Article\\FavoriteArticleController',
  4 => 'App\\Controller\\Article\\GetArticlesFeedController',
  5 => 'App\\Controller\\Article\\GetArticlesListController',
  6 => 'App\\Controller\\Article\\GetOneArticleController',
  7 => 'App\\Controller\\Article\\UnfavoriteArticleController',
  8 => 'App\\Controller\\Article\\UpdateArticleController',
  9 => 'App\\Controller\\Comment\\CreateCommentController',
  10 => 'App\\Controller\\Comment\\DeleteCommentController',
  11 => 'App\\Controller\\Comment\\GetCommentsListController',
  12 => 'App\\Controller\\Profile\\FollowProfileController',
  13 => 'App\\Controller\\Profile\\GetProfileController',
  14 => 'App\\Controller\\Profile\\UnfollowProfileController',
  15 => 'App\\Controller\\Registration\\RegisterController',
  16 => 'App\\Controller\\Security\\LoginController',
  17 => 'App\\Controller\\Tag\\GetTagsListController',
  18 => 'App\\Controller\\User\\GetUserController',
  19 => 'App\\Controller\\User\\UpdateUserController',
  20 => 'App\\Entity\\Article',
  21 => 'App\\Entity\\Comment',
  22 => 'App\\Entity\\Tag',
  23 => 'App\\Entity\\User',
  24 => 'Doctrine\\Bundle\\DoctrineBundle\\Controller\\ProfilerController',
  25 => 'Doctrine\\ORM\\Cache\\Persister\\Entity\\AbstractEntityPersister',
  26 => 'Doctrine\\ORM\\Cache\\Persister\\Entity\\CachedEntityPersister',
  27 => 'Doctrine\\ORM\\Cache\\Persister\\Entity\\NonStrictReadWriteCachedEntityPersister',
  28 => 'Doctrine\\ORM\\Cache\\Persister\\Entity\\ReadOnlyCachedEntityPersister',
  29 => 'Doctrine\\ORM\\Cache\\Persister\\Entity\\ReadWriteCachedEntityPersister',
  30 => 'Doctrine\\ORM\\Persisters\\Entity\\AbstractEntityInheritancePersister',
  31 => 'Doctrine\\ORM\\Persisters\\Entity\\BasicEntityPersister',
  32 => 'Doctrine\\ORM\\Persisters\\Entity\\CachedPersisterContext',
  33 => 'Doctrine\\ORM\\Persisters\\Entity\\EntityPersister',
  34 => 'Doctrine\\ORM\\Persisters\\Entity\\JoinedSubclassPersister',
  35 => 'Doctrine\\ORM\\Persisters\\Entity\\SingleTablePersister',
  36 => 'FOS\\RestBundle\\Controller\\AbstractFOSRestController',
  37 => 'FOS\\RestBundle\\Controller\\Annotations\\AbstractParam',
  38 => 'FOS\\RestBundle\\Controller\\Annotations\\AbstractScalarParam',
  39 => 'FOS\\RestBundle\\Controller\\Annotations\\Copy',
  40 => 'FOS\\RestBundle\\Controller\\Annotations\\Delete',
  41 => 'FOS\\RestBundle\\Controller\\Annotations\\FileParam',
  42 => 'FOS\\RestBundle\\Controller\\Annotations\\Get',
  43 => 'FOS\\RestBundle\\Controller\\Annotations\\Head',
  44 => 'FOS\\RestBundle\\Controller\\Annotations\\Link',
  45 => 'FOS\\RestBundle\\Controller\\Annotations\\Lock',
  46 => 'FOS\\RestBundle\\Controller\\Annotations\\Mkcol',
  47 => 'FOS\\RestBundle\\Controller\\Annotations\\Move',
  48 => 'FOS\\RestBundle\\Controller\\Annotations\\Options',
  49 => 'FOS\\RestBundle\\Controller\\Annotations\\ParamInterface',
  50 => 'FOS\\RestBundle\\Controller\\Annotations\\Patch',
  51 => 'FOS\\RestBundle\\Controller\\Annotations\\Post',
  52 => 'FOS\\RestBundle\\Controller\\Annotations\\PropFind',
  53 => 'FOS\\RestBundle\\Controller\\Annotations\\PropPatch',
  54 => 'FOS\\RestBundle\\Controller\\Annotations\\Put',
  55 => 'FOS\\RestBundle\\Controller\\Annotations\\QueryParam',
  56 => 'FOS\\RestBundle\\Controller\\Annotations\\RequestParam',
  57 => 'FOS\\RestBundle\\Controller\\Annotations\\Route',
  58 => 'FOS\\RestBundle\\Controller\\Annotations\\Unlink',
  59 => 'FOS\\RestBundle\\Controller\\Annotations\\Unlock',
  60 => 'FOS\\RestBundle\\Controller\\Annotations\\View',
  61 => 'FOS\\RestBundle\\Controller\\ControllerTrait',
  62 => 'Gedmo\\Loggable\\Entity\\LogEntry',
  63 => 'Gedmo\\Loggable\\Entity\\MappedSuperclass\\AbstractLogEntry',
  64 => 'Gedmo\\Loggable\\Entity\\Repository\\LogEntryRepository',
  65 => 'Gedmo\\Sortable\\Entity\\Repository\\SortableRepository',
  66 => 'Gedmo\\Translatable\\Entity\\MappedSuperclass\\AbstractPersonalTranslation',
  67 => 'Gedmo\\Translatable\\Entity\\MappedSuperclass\\AbstractTranslation',
  68 => 'Gedmo\\Translatable\\Entity\\Repository\\TranslationRepository',
  69 => 'Gedmo\\Translatable\\Entity\\Translation',
  70 => 'Gedmo\\Translator\\Entity\\Translation',
  71 => 'Gedmo\\Tree\\Entity\\MappedSuperclass\\AbstractClosure',
  72 => 'Gedmo\\Tree\\Entity\\Repository\\AbstractTreeRepository',
  73 => 'Gedmo\\Tree\\Entity\\Repository\\ClosureTreeRepository',
  74 => 'Gedmo\\Tree\\Entity\\Repository\\MaterializedPathRepository',
  75 => 'Gedmo\\Tree\\Entity\\Repository\\NestedTreeRepository',
  76 => 'JsonSchema\\Entity\\JsonPointer',
  78 => 'Symfony\\Bundle\\FrameworkBundle\\Controller\\ControllerResolver',
  79 => 'Symfony\\Bundle\\FrameworkBundle\\Controller\\RedirectController',
  80 => 'Symfony\\Bundle\\FrameworkBundle\\Controller\\TemplateController',
  81 => 'Symfony\\Bundle\\WebProfilerBundle\\Controller\\ExceptionPanelController',
  82 => 'Symfony\\Bundle\\WebProfilerBundle\\Controller\\ProfilerController',
  83 => 'Symfony\\Bundle\\WebProfilerBundle\\Controller\\RouterController',
  84 => 'Symfony\\Component\\HttpKernel\\Controller\\ArgumentResolver',
  85 => 'Symfony\\Component\\HttpKernel\\Controller\\ArgumentResolverInterface',
  86 => 'Symfony\\Component\\HttpKernel\\Controller\\ArgumentResolver\\DefaultValueResolver',
  87 => 'Symfony\\Component\\HttpKernel\\Controller\\ArgumentResolver\\NotTaggedControllerValueResolver',
  88 => 'Symfony\\Component\\HttpKernel\\Controller\\ArgumentResolver\\RequestAttributeValueResolver',
  89 => 'Symfony\\Component\\HttpKernel\\Controller\\ArgumentResolver\\RequestValueResolver',
  90 => 'Symfony\\Component\\HttpKernel\\Controller\\ArgumentResolver\\ServiceValueResolver',
  91 => 'Symfony\\Component\\HttpKernel\\Controller\\ArgumentResolver\\SessionValueResolver',
  92 => 'Symfony\\Component\\HttpKernel\\Controller\\ArgumentResolver\\TraceableValueResolver',
  93 => 'Symfony\\Component\\HttpKernel\\Controller\\ArgumentResolver\\VariadicValueResolver',
  94 => 'Symfony\\Component\\HttpKernel\\Controller\\ArgumentValueResolverInterface',
  95 => 'Symfony\\Component\\HttpKernel\\Controller\\ContainerControllerResolver',
  96 => 'Symfony\\Component\\HttpKernel\\Controller\\ControllerReference',
  97 => 'Symfony\\Component\\HttpKernel\\Controller\\ControllerResolver',
  98 => 'Symfony\\Component\\HttpKernel\\Controller\\ControllerResolverInterface',
  99 => 'Symfony\\Component\\HttpKernel\\Controller\\ErrorController',
  100 => 'Symfony\\Component\\HttpKernel\\Controller\\TraceableArgumentResolver',
  101 => 'Symfony\\Component\\HttpKernel\\Controller\\TraceableControllerResolver',
  102 => 'Symfony\\Component\\Security\\Http\\Controller\\UserValueResolver',
);